#
# There is insufficient memory for the Java Runtime Environment to continue.
# Native memory allocation (malloc) failed to allocate 1191712 bytes. Error detail: Chunk::new
# Possible reasons:
#   The system is out of physical RAM or swap space
#   This process is running with CompressedOops enabled, and the Java Heap may be blocking the growth of the native heap
# Possible solutions:
#   Reduce memory load on the system
#   Increase physical memory or swap space
#   Check if swap backing store is full
#   Decrease Java heap size (-Xmx/-Xms)
#   Decrease number of Java threads
#   Decrease Java thread stack sizes (-Xss)
#   Set larger code cache with -XX:ReservedCodeCacheSize=
#   JVM is running with Unscaled Compressed Oops mode in which the Java heap is
#     placed in the first 4GB address space. The Java Heap base address is the
#     maximum limit for the native heap growth. Please use -XX:HeapBaseMinAddress
#     to set the Java Heap base and to place the Java Heap above 4GB virtual address.
# This output file may be truncated or incomplete.
#
#  Out of Memory Error (arena.cpp:191), pid=34136, tid=37772
#
# JRE version: OpenJDK Runtime Environment Temurin-17.0.19+10 (17.0.19+10) (build 17.0.19+10)
# Java VM: OpenJDK 64-Bit Server VM Temurin-17.0.19+10 (17.0.19+10, mixed mode, sharing, tiered, compressed oops, compressed class ptrs, g1 gc, windows-amd64)
# No core dump will be written. Minidumps are not enabled by default on client versions of Windows
#

---------------  S U M M A R Y ------------

Command Line: --add-opens=java.base/java.lang=ALL-UNNAMED --enable-native-access=ALL-UNNAMED -Dclassworlds.conf=C:/Program Files/apache-maven-3.9.16/bin/m2.conf -Dmaven.home=C:/Program Files/apache-maven-3.9.16 -Dlibrary.jansi.path=C:/Program Files/apache-maven-3.9.16/lib/jansi-native -Dmaven.multiModuleProjectDirectory=C:/Users/user/Documents/project/HRMS_backEnd org.codehaus.plexus.classworlds.launcher.Launcher -q -o compile

Host: AMD Ryzen 5 PRO 4650U with Radeon Graphics, 12 cores, 7G,  Windows 11 , 64 bit Build 26100 (10.0.26100.9168)
Time: Wed Aug 26 12:26:23 2026 India Standard Time elapsed time: 8.834029 seconds (0d 0h 0m 8s)

---------------  T H R E A D  ---------------

Current thread (0x0000020fe105de70):  JavaThread "C2 CompilerThread0" daemon [_thread_in_native, id=37772, stack(0x000000fedff00000,0x000000fee0000000)]


Current CompileTask:
C2:8834 4520       4       org.codehaus.plexus.util.xml.pull.MXParser::parseAttribute (1438 bytes)

Stack: [0x000000fedff00000,0x000000fee0000000]
Native frames: (J=compiled Java code, j=interpreted, Vv=VM code, C=native code)
V  [jvm.dll+0x684b29]
V  [jvm.dll+0x83a2d5]
V  [jvm.dll+0x83bd4e]
V  [jvm.dll+0x83c3d3]
V  [jvm.dll+0x24905f]
V  [jvm.dll+0xad536]
V  [jvm.dll+0xadbdc]
V  [jvm.dll+0x368d9e]
V  [jvm.dll+0x3331d5]
V  [jvm.dll+0x33263a]
V  [jvm.dll+0x219e69]
V  [jvm.dll+0x2192af]
V  [jvm.dll+0x1a49f0]
V  [jvm.dll+0x2299fa]
V  [jvm.dll+0x227bab]
V  [jvm.dll+0x7f0a88]
V  [jvm.dll+0x7eaf1c]
V  [jvm.dll+0x6839f7]
C  [ucrtbase.dll+0x2cd30]
C  [KERNEL32.DLL+0x2ccb7]
C  [ntdll.dll+0xaad6c]


---------------  P R O C E S S  ---------------

Threads class SMR info:
_java_thread_list=0x0000020fe772dfc0, length=13, elements={
0x0000020fc35b8550, 0x0000020fe1038ec0, 0x0000020fe1039880, 0x0000020fe1056c80,
0x0000020fe1057640, 0x0000020fe1058000, 0x0000020fe105a9d0, 0x0000020fe105de70,
0x0000020fe105f880, 0x0000020fe1060a20, 0x0000020fe1b42a50, 0x0000020fe1b43560,
0x0000020fe6618000
}

Java Threads: ( => current thread )
  0x0000020fc35b8550 JavaThread "main" [_thread_in_vm, id=6524, stack(0x000000fedf200000,0x000000fedf300000)]
  0x0000020fe1038ec0 JavaThread "Reference Handler" daemon [_thread_blocked, id=37280, stack(0x000000fedf900000,0x000000fedfa00000)]
  0x0000020fe1039880 JavaThread "Finalizer" daemon [_thread_blocked, id=37044, stack(0x000000fedfa00000,0x000000fedfb00000)]
  0x0000020fe1056c80 JavaThread "Signal Dispatcher" daemon [_thread_blocked, id=10968, stack(0x000000fedfb00000,0x000000fedfc00000)]
  0x0000020fe1057640 JavaThread "Attach Listener" daemon [_thread_blocked, id=24672, stack(0x000000fedfc00000,0x000000fedfd00000)]
  0x0000020fe1058000 JavaThread "Service Thread" daemon [_thread_blocked, id=36140, stack(0x000000fedfd00000,0x000000fedfe00000)]
  0x0000020fe105a9d0 JavaThread "Monitor Deflation Thread" daemon [_thread_blocked, id=38444, stack(0x000000fedfe00000,0x000000fedff00000)]
=>0x0000020fe105de70 JavaThread "C2 CompilerThread0" daemon [_thread_in_native, id=37772, stack(0x000000fedff00000,0x000000fee0000000)]
  0x0000020fe105f880 JavaThread "C1 CompilerThread0" daemon [_thread_blocked, id=26440, stack(0x000000fee0000000,0x000000fee0100000)]
  0x0000020fe1060a20 JavaThread "Sweeper thread" daemon [_thread_blocked, id=21684, stack(0x000000fee0100000,0x000000fee0200000)]
  0x0000020fe1b42a50 JavaThread "Common-Cleaner" daemon [_thread_blocked, id=32984, stack(0x000000fee0200000,0x000000fee0300000)]
  0x0000020fe1b43560 JavaThread "Notification Thread" daemon [_thread_blocked, id=29952, stack(0x000000fee0300000,0x000000fee0400000)]
  0x0000020fe6618000 JavaThread "C2 CompilerThread1" daemon [_thread_in_native, id=29492, stack(0x000000fee0c00000,0x000000fee0d00000)]

Other Threads:
  0x0000020fe10343d0 VMThread "VM Thread" [stack: 0x000000fedf800000,0x000000fedf900000] [id=25584]
  0x0000020fe1b45a50 WatcherThread [stack: 0x000000fee0400000,0x000000fee0500000] [id=15268]
  0x0000020fc36132a0 GCTaskThread "GC Thread#0" [stack: 0x000000fedf300000,0x000000fedf400000] [id=35096]
  0x0000020fe691c810 GCTaskThread "GC Thread#1" [stack: 0x000000fee0600000,0x000000fee0700000] [id=27096]
  0x0000020fe6c40fc0 GCTaskThread "GC Thread#2" [stack: 0x000000fee0700000,0x000000fee0800000] [id=19084]
  0x0000020fe656acb0 GCTaskThread "GC Thread#3" [stack: 0x000000fee0800000,0x000000fee0900000] [id=32780]
  0x0000020fe6e74160 GCTaskThread "GC Thread#4" [stack: 0x000000fee0900000,0x000000fee0a00000] [id=33844]
  0x0000020fe7135040 GCTaskThread "GC Thread#5" [stack: 0x000000fee0a00000,0x000000fee0b00000] [id=27136]
  0x0000020fe7135710 GCTaskThread "GC Thread#6" [stack: 0x000000fee0b00000,0x000000fee0c00000] [id=32120]
  0x0000020fe6582420 GCTaskThread "GC Thread#7" [stack: 0x000000fee0500000,0x000000fee0600000] [id=38512]
  0x0000020fe6582160 GCTaskThread "GC Thread#8" [stack: 0x000000fee0e00000,0x000000fee0f00000] [id=10076]
  0x0000020fe65808a0 GCTaskThread "GC Thread#9" [stack: 0x000000fee0f00000,0x000000fee1000000] [id=35236]
  0x0000020fc3622cb0 ConcurrentGCThread "G1 Main Marker" [stack: 0x000000fedf400000,0x000000fedf500000] [id=14892]
  0x0000020fc36243a0 ConcurrentGCThread "G1 Conc#0" [stack: 0x000000fedf500000,0x000000fedf600000] [id=23560]
  0x0000020fc3662cd0 ConcurrentGCThread "G1 Refine#0" [stack: 0x000000fedf600000,0x000000fedf700000] [id=37540]
  0x0000020fc36643d0 ConcurrentGCThread "G1 Service" [stack: 0x000000fedf700000,0x000000fedf800000] [id=34264]

Threads with active compile tasks:
C2 CompilerThread0  8882 4520       4       org.codehaus.plexus.util.xml.pull.MXParser::parseAttribute (1438 bytes)
C2 CompilerThread1  8882 4519       4       sun.nio.fs.WindowsPathParser::normalize (233 bytes)

VM state: not at safepoint (normal execution)

VM Mutex/Monitor currently owned by a thread: None

Heap address: 0x000000008aa00000, size: 1878 MB, Compressed Oops mode: 32-bit

CDS archive(s) mapped at: [0x0000020f80000000-0x0000020f80bb0000-0x0000020f80bb0000), size 12255232, SharedBaseAddress: 0x0000020f80000000, ArchiveRelocationMode: 1.
Compressed class space mapped at: 0x0000020f81000000-0x0000020fc1000000, reserved size: 1073741824
Narrow klass base: 0x0000020f80000000, Narrow klass shift: 0, Narrow klass range: 0x100000000

GC Precious Log:
 CPUs: 12 total, 12 available
 Memory: 7505M
 Large Page Support: Disabled
 NUMA Support: Disabled
 Compressed Oops: Enabled (32-bit)
 Heap Region Size: 1M
 Heap Min Capacity: 8M
 Heap Initial Capacity: 118M
 Heap Max Capacity: 1878M
 Pre-touch: Disabled
 Parallel Workers: 10
 Concurrent Workers: 3
 Concurrent Refinement Workers: 10
 Periodic GC: Disabled

Heap:
 garbage-first heap   total 120832K, used 58390K [0x000000008aa00000, 0x0000000100000000)
  region size 1024K, 16 young (16384K), 4 survivors (4096K)
 Metaspace       used 17260K, committed 17600K, reserved 1114112K
  class space    used 1998K, committed 2176K, reserved 1048576K

Heap Regions: E=young(eden), S=young(survivor), O=old, HS=humongous(starts), HC=humongous(continues), CS=collection set, F=free, OA=open archive, CA=closed archive, TAMS=top-at-mark-start (previous, next)
|   0|0x000000008aa00000, 0x000000008ab00000, 0x000000008ab00000|100%| O|  |TAMS 0x000000008aa00000, 0x000000008ab00000| Untracked 
|   1|0x000000008ab00000, 0x000000008ac00000, 0x000000008ac00000|100%| O|  |TAMS 0x000000008ab00000, 0x000000008ac00000| Untracked 
|   2|0x000000008ac00000, 0x000000008ad00000, 0x000000008ad00000|100%| O|  |TAMS 0x000000008ac00000, 0x000000008ad00000| Untracked 
|   3|0x000000008ad00000, 0x000000008ae00000, 0x000000008ae00000|100%| O|  |TAMS 0x000000008ad00000, 0x000000008ae00000| Untracked 
|   4|0x000000008ae00000, 0x000000008af00000, 0x000000008af00000|100%|HS|  |TAMS 0x000000008ae00000, 0x000000008ae00000| Complete 
|   5|0x000000008af00000, 0x000000008b000000, 0x000000008b000000|100%|HC|  |TAMS 0x000000008af00000, 0x000000008af00000| Complete 
|   6|0x000000008b000000, 0x000000008b100000, 0x000000008b100000|100%|HC|  |TAMS 0x000000008b000000, 0x000000008b000000| Complete 
|   7|0x000000008b100000, 0x000000008b200000, 0x000000008b200000|100%|HC|  |TAMS 0x000000008b100000, 0x000000008b100000| Complete 
|   8|0x000000008b200000, 0x000000008b300000, 0x000000008b300000|100%|HC|  |TAMS 0x000000008b200000, 0x000000008b200000| Complete 
|   9|0x000000008b300000, 0x000000008b400000, 0x000000008b400000|100%|HC|  |TAMS 0x000000008b300000, 0x000000008b300000| Complete 
|  10|0x000000008b400000, 0x000000008b500000, 0x000000008b500000|100%|HC|  |TAMS 0x000000008b400000, 0x000000008b400000| Complete 
|  11|0x000000008b500000, 0x000000008b600000, 0x000000008b600000|100%|HC|  |TAMS 0x000000008b500000, 0x000000008b500000| Complete 
|  12|0x000000008b600000, 0x000000008b700000, 0x000000008b700000|100%|HC|  |TAMS 0x000000008b600000, 0x000000008b600000| Complete 
|  13|0x000000008b700000, 0x000000008b800000, 0x000000008b800000|100%|HC|  |TAMS 0x000000008b700000, 0x000000008b700000| Complete 
|  14|0x000000008b800000, 0x000000008b900000, 0x000000008b900000|100%|HC|  |TAMS 0x000000008b800000, 0x000000008b800000| Complete 
|  15|0x000000008b900000, 0x000000008ba00000, 0x000000008ba00000|100%|HC|  |TAMS 0x000000008b900000, 0x000000008b900000| Complete 
|  16|0x000000008ba00000, 0x000000008ba00000, 0x000000008bb00000|  0%| F|  |TAMS 0x000000008ba00000, 0x000000008ba00000| Untracked 
|  17|0x000000008bb00000, 0x000000008bb00000, 0x000000008bc00000|  0%| F|  |TAMS 0x000000008bb00000, 0x000000008bb00000| Untracked 
|  18|0x000000008bc00000, 0x000000008bc00000, 0x000000008bd00000|  0%| F|  |TAMS 0x000000008bc00000, 0x000000008bc00000| Untracked 
|  19|0x000000008bd00000, 0x000000008bd00000, 0x000000008be00000|  0%| F|  |TAMS 0x000000008bd00000, 0x000000008bd00000| Untracked 
|  20|0x000000008be00000, 0x000000008be00000, 0x000000008bf00000|  0%| F|  |TAMS 0x000000008be00000, 0x000000008be00000| Untracked 
|  21|0x000000008bf00000, 0x000000008bf00000, 0x000000008c000000|  0%| F|  |TAMS 0x000000008bf00000, 0x000000008bf00000| Untracked 
|  22|0x000000008c000000, 0x000000008c000000, 0x000000008c100000|  0%| F|  |TAMS 0x000000008c000000, 0x000000008c000000| Untracked 
|  23|0x000000008c100000, 0x000000008c100000, 0x000000008c200000|  0%| F|  |TAMS 0x000000008c100000, 0x000000008c100000| Untracked 
|  24|0x000000008c200000, 0x000000008c300000, 0x000000008c300000|100%| O|  |TAMS 0x000000008c200000, 0x000000008c300000| Untracked 
|  25|0x000000008c300000, 0x000000008c400000, 0x000000008c400000|100%| O|  |TAMS 0x000000008c300000, 0x000000008c400000| Untracked 
|  26|0x000000008c400000, 0x000000008c500000, 0x000000008c500000|100%| O|  |TAMS 0x000000008c400000, 0x000000008c500000| Untracked 
|  27|0x000000008c500000, 0x000000008c600000, 0x000000008c600000|100%| O|  |TAMS 0x000000008c500000, 0x000000008c600000| Untracked 
|  28|0x000000008c600000, 0x000000008c700000, 0x000000008c700000|100%| O|  |TAMS 0x000000008c600000, 0x000000008c700000| Untracked 
|  29|0x000000008c700000, 0x000000008c800000, 0x000000008c800000|100%| O|  |TAMS 0x000000008c700000, 0x000000008c800000| Untracked 
|  30|0x000000008c800000, 0x000000008c8a4c00, 0x000000008c900000| 64%| O|  |TAMS 0x000000008c800000, 0x000000008c8a4c00| Untracked 
|  31|0x000000008c900000, 0x000000008ca00000, 0x000000008ca00000|100%|HS|  |TAMS 0x000000008c900000, 0x000000008c900000| Complete 
|  32|0x000000008ca00000, 0x000000008cb00000, 0x000000008cb00000|100%|HC|  |TAMS 0x000000008ca00000, 0x000000008ca00000| Complete 
|  33|0x000000008cb00000, 0x000000008cc00000, 0x000000008cc00000|100%|HC|  |TAMS 0x000000008cb00000, 0x000000008cb00000| Complete 
|  34|0x000000008cc00000, 0x000000008cd00000, 0x000000008cd00000|100%|HC|  |TAMS 0x000000008cc00000, 0x000000008cc00000| Complete 
|  35|0x000000008cd00000, 0x000000008ce00000, 0x000000008ce00000|100%|HC|  |TAMS 0x000000008cd00000, 0x000000008cd00000| Complete 
|  36|0x000000008ce00000, 0x000000008cf00000, 0x000000008cf00000|100%|HC|  |TAMS 0x000000008ce00000, 0x000000008ce00000| Complete 
|  37|0x000000008cf00000, 0x000000008d000000, 0x000000008d000000|100%|HC|  |TAMS 0x000000008cf00000, 0x000000008cf00000| Complete 
|  38|0x000000008d000000, 0x000000008d100000, 0x000000008d100000|100%|HC|  |TAMS 0x000000008d000000, 0x000000008d000000| Complete 
|  39|0x000000008d100000, 0x000000008d200000, 0x000000008d200000|100%|HC|  |TAMS 0x000000008d100000, 0x000000008d100000| Complete 
|  40|0x000000008d200000, 0x000000008d300000, 0x000000008d300000|100%|HC|  |TAMS 0x000000008d200000, 0x000000008d200000| Complete 
|  41|0x000000008d300000, 0x000000008d400000, 0x000000008d400000|100%|HC|  |TAMS 0x000000008d300000, 0x000000008d300000| Complete 
|  42|0x000000008d400000, 0x000000008d500000, 0x000000008d500000|100%|HC|  |TAMS 0x000000008d400000, 0x000000008d400000| Complete 
|  43|0x000000008d500000, 0x000000008d600000, 0x000000008d600000|100%|HS|  |TAMS 0x000000008d500000, 0x000000008d600000| Complete 
|  44|0x000000008d600000, 0x000000008d700000, 0x000000008d700000|100%|HC|  |TAMS 0x000000008d600000, 0x000000008d700000| Complete 
|  45|0x000000008d700000, 0x000000008d800000, 0x000000008d800000|100%|HC|  |TAMS 0x000000008d700000, 0x000000008d800000| Complete 
|  46|0x000000008d800000, 0x000000008d900000, 0x000000008d900000|100%|HC|  |TAMS 0x000000008d800000, 0x000000008d900000| Complete 
|  47|0x000000008d900000, 0x000000008da00000, 0x000000008da00000|100%|HC|  |TAMS 0x000000008d900000, 0x000000008da00000| Complete 
|  48|0x000000008da00000, 0x000000008db00000, 0x000000008db00000|100%|HC|  |TAMS 0x000000008da00000, 0x000000008db00000| Complete 
|  49|0x000000008db00000, 0x000000008dc00000, 0x000000008dc00000|100%|HC|  |TAMS 0x000000008db00000, 0x000000008dc00000| Complete 
|  50|0x000000008dc00000, 0x000000008dd00000, 0x000000008dd00000|100%|HC|  |TAMS 0x000000008dc00000, 0x000000008dd00000| Complete 
|  51|0x000000008dd00000, 0x000000008dd00000, 0x000000008de00000|  0%| F|  |TAMS 0x000000008dd00000, 0x000000008dd00000| Untracked 
|  52|0x000000008de00000, 0x000000008de00000, 0x000000008df00000|  0%| F|  |TAMS 0x000000008de00000, 0x000000008de00000| Untracked 
|  53|0x000000008df00000, 0x000000008df00000, 0x000000008e000000|  0%| F|  |TAMS 0x000000008df00000, 0x000000008df00000| Untracked 
|  54|0x000000008e000000, 0x000000008e000000, 0x000000008e100000|  0%| F|  |TAMS 0x000000008e000000, 0x000000008e000000| Untracked 
|  55|0x000000008e100000, 0x000000008e100000, 0x000000008e200000|  0%| F|  |TAMS 0x000000008e100000, 0x000000008e100000| Untracked 
|  56|0x000000008e200000, 0x000000008e200000, 0x000000008e300000|  0%| F|  |TAMS 0x000000008e200000, 0x000000008e200000| Untracked 
|  57|0x000000008e300000, 0x000000008e300000, 0x000000008e400000|  0%| F|  |TAMS 0x000000008e300000, 0x000000008e300000| Untracked 
|  58|0x000000008e400000, 0x000000008e400000, 0x000000008e500000|  0%| F|  |TAMS 0x000000008e400000, 0x000000008e400000| Untracked 
|  59|0x000000008e500000, 0x000000008e500000, 0x000000008e600000|  0%| F|  |TAMS 0x000000008e500000, 0x000000008e500000| Untracked 
|  60|0x000000008e600000, 0x000000008e600000, 0x000000008e700000|  0%| F|  |TAMS 0x000000008e600000, 0x000000008e600000| Untracked 
|  61|0x000000008e700000, 0x000000008e700000, 0x000000008e800000|  0%| F|  |TAMS 0x000000008e700000, 0x000000008e700000| Untracked 
|  62|0x000000008e800000, 0x000000008e800000, 0x000000008e900000|  0%| F|  |TAMS 0x000000008e800000, 0x000000008e800000| Untracked 
|  63|0x000000008e900000, 0x000000008e900000, 0x000000008ea00000|  0%| F|  |TAMS 0x000000008e900000, 0x000000008e900000| Untracked 
|  64|0x000000008ea00000, 0x000000008ea00000, 0x000000008eb00000|  0%| F|  |TAMS 0x000000008ea00000, 0x000000008ea00000| Untracked 
|  65|0x000000008eb00000, 0x000000008eb00000, 0x000000008ec00000|  0%| F|  |TAMS 0x000000008eb00000, 0x000000008eb00000| Untracked 
|  66|0x000000008ec00000, 0x000000008ec00000, 0x000000008ed00000|  0%| F|  |TAMS 0x000000008ec00000, 0x000000008ec00000| Untracked 
|  67|0x000000008ed00000, 0x000000008ed00000, 0x000000008ee00000|  0%| F|  |TAMS 0x000000008ed00000, 0x000000008ed00000| Untracked 
|  68|0x000000008ee00000, 0x000000008ee00000, 0x000000008ef00000|  0%| F|  |TAMS 0x000000008ee00000, 0x000000008ee00000| Untracked 
|  69|0x000000008ef00000, 0x000000008ef00000, 0x000000008f000000|  0%| F|  |TAMS 0x000000008ef00000, 0x000000008ef00000| Untracked 
|  70|0x000000008f000000, 0x000000008f000000, 0x000000008f100000|  0%| F|  |TAMS 0x000000008f000000, 0x000000008f000000| Untracked 
|  71|0x000000008f100000, 0x000000008f100000, 0x000000008f200000|  0%| F|  |TAMS 0x000000008f100000, 0x000000008f100000| Untracked 
|  72|0x000000008f200000, 0x000000008f200000, 0x000000008f300000|  0%| F|  |TAMS 0x000000008f200000, 0x000000008f200000| Untracked 
|  73|0x000000008f300000, 0x000000008f300000, 0x000000008f400000|  0%| F|  |TAMS 0x000000008f300000, 0x000000008f300000| Untracked 
|  74|0x000000008f400000, 0x000000008f400000, 0x000000008f500000|  0%| F|  |TAMS 0x000000008f400000, 0x000000008f400000| Untracked 
|  75|0x000000008f500000, 0x000000008f500000, 0x000000008f600000|  0%| F|  |TAMS 0x000000008f500000, 0x000000008f500000| Untracked 
|  76|0x000000008f600000, 0x000000008f600000, 0x000000008f700000|  0%| F|  |TAMS 0x000000008f600000, 0x000000008f600000| Untracked 
|  77|0x000000008f700000, 0x000000008f700000, 0x000000008f800000|  0%| F|  |TAMS 0x000000008f700000, 0x000000008f700000| Untracked 
|  78|0x000000008f800000, 0x000000008f800000, 0x000000008f900000|  0%| F|  |TAMS 0x000000008f800000, 0x000000008f800000| Untracked 
|  79|0x000000008f900000, 0x000000008f900000, 0x000000008fa00000|  0%| F|  |TAMS 0x000000008f900000, 0x000000008f900000| Untracked 
|  80|0x000000008fa00000, 0x000000008fa00000, 0x000000008fb00000|  0%| F|  |TAMS 0x000000008fa00000, 0x000000008fa00000| Untracked 
|  81|0x000000008fb00000, 0x000000008fb00000, 0x000000008fc00000|  0%| F|  |TAMS 0x000000008fb00000, 0x000000008fb00000| Untracked 
|  82|0x000000008fc00000, 0x000000008fc00000, 0x000000008fd00000|  0%| F|  |TAMS 0x000000008fc00000, 0x000000008fc00000| Untracked 
|  83|0x000000008fd00000, 0x000000008fd00000, 0x000000008fe00000|  0%| F|  |TAMS 0x000000008fd00000, 0x000000008fd00000| Untracked 
|  84|0x000000008fe00000, 0x000000008fe00000, 0x000000008ff00000|  0%| F|  |TAMS 0x000000008fe00000, 0x000000008fe00000| Untracked 
|  85|0x000000008ff00000, 0x000000008ff00000, 0x0000000090000000|  0%| F|  |TAMS 0x000000008ff00000, 0x000000008ff00000| Untracked 
|  86|0x0000000090000000, 0x0000000090000000, 0x0000000090100000|  0%| F|  |TAMS 0x0000000090000000, 0x0000000090000000| Untracked 
|  87|0x0000000090100000, 0x0000000090100000, 0x0000000090200000|  0%| F|  |TAMS 0x0000000090100000, 0x0000000090100000| Untracked 
|  88|0x0000000090200000, 0x0000000090200000, 0x0000000090300000|  0%| F|  |TAMS 0x0000000090200000, 0x0000000090200000| Untracked 
|  89|0x0000000090300000, 0x0000000090300000, 0x0000000090400000|  0%| F|  |TAMS 0x0000000090300000, 0x0000000090300000| Untracked 
|  90|0x0000000090400000, 0x0000000090400000, 0x0000000090500000|  0%| F|  |TAMS 0x0000000090400000, 0x0000000090400000| Untracked 
|  91|0x0000000090500000, 0x0000000090500000, 0x0000000090600000|  0%| F|  |TAMS 0x0000000090500000, 0x0000000090500000| Untracked 
|  92|0x0000000090600000, 0x0000000090600000, 0x0000000090700000|  0%| F|  |TAMS 0x0000000090600000, 0x0000000090600000| Untracked 
|  93|0x0000000090700000, 0x0000000090700000, 0x0000000090800000|  0%| F|  |TAMS 0x0000000090700000, 0x0000000090700000| Untracked 
|  94|0x0000000090800000, 0x0000000090800000, 0x0000000090900000|  0%| F|  |TAMS 0x0000000090800000, 0x0000000090800000| Untracked 
|  95|0x0000000090900000, 0x0000000090900000, 0x0000000090a00000|  0%| F|  |TAMS 0x0000000090900000, 0x0000000090900000| Untracked 
|  96|0x0000000090a00000, 0x0000000090a00000, 0x0000000090b00000|  0%| F|  |TAMS 0x0000000090a00000, 0x0000000090a00000| Untracked 
|  97|0x0000000090b00000, 0x0000000090b00000, 0x0000000090c00000|  0%| F|  |TAMS 0x0000000090b00000, 0x0000000090b00000| Untracked 
|  98|0x0000000090c00000, 0x0000000090c00000, 0x0000000090d00000|  0%| F|  |TAMS 0x0000000090c00000, 0x0000000090c00000| Untracked 
|  99|0x0000000090d00000, 0x0000000090d00000, 0x0000000090e00000|  0%| F|  |TAMS 0x0000000090d00000, 0x0000000090d00000| Untracked 
| 100|0x0000000090e00000, 0x0000000090e00000, 0x0000000090f00000|  0%| F|  |TAMS 0x0000000090e00000, 0x0000000090e00000| Untracked 
| 101|0x0000000090f00000, 0x0000000090f00000, 0x0000000091000000|  0%| F|  |TAMS 0x0000000090f00000, 0x0000000090f00000| Untracked 
| 102|0x0000000091000000, 0x0000000091100000, 0x0000000091100000|100%| E|  |TAMS 0x0000000091000000, 0x0000000091000000| Complete 
| 103|0x0000000091100000, 0x0000000091200000, 0x0000000091200000|100%| E|CS|TAMS 0x0000000091100000, 0x0000000091100000| Complete 
| 104|0x0000000091200000, 0x0000000091300000, 0x0000000091300000|100%| E|CS|TAMS 0x0000000091200000, 0x0000000091200000| Complete 
| 105|0x0000000091300000, 0x0000000091400000, 0x0000000091400000|100%| E|CS|TAMS 0x0000000091300000, 0x0000000091300000| Complete 
| 106|0x0000000091400000, 0x0000000091500000, 0x0000000091500000|100%| E|CS|TAMS 0x0000000091400000, 0x0000000091400000| Complete 
| 107|0x0000000091500000, 0x0000000091600000, 0x0000000091600000|100%| E|CS|TAMS 0x0000000091500000, 0x0000000091500000| Complete 
| 108|0x0000000091600000, 0x0000000091700000, 0x0000000091700000|100%| E|CS|TAMS 0x0000000091600000, 0x0000000091600000| Complete 
| 109|0x0000000091700000, 0x0000000091800000, 0x0000000091800000|100%| E|CS|TAMS 0x0000000091700000, 0x0000000091700000| Complete 
| 110|0x0000000091800000, 0x0000000091900000, 0x0000000091900000|100%| E|CS|TAMS 0x0000000091800000, 0x0000000091800000| Complete 
| 111|0x0000000091900000, 0x0000000091a00000, 0x0000000091a00000|100%| E|CS|TAMS 0x0000000091900000, 0x0000000091900000| Complete 
| 112|0x0000000091a00000, 0x0000000091b00000, 0x0000000091b00000|100%| E|CS|TAMS 0x0000000091a00000, 0x0000000091a00000| Complete 
| 113|0x0000000091b00000, 0x0000000091b60d50, 0x0000000091c00000| 37%| S|CS|TAMS 0x0000000091b00000, 0x0000000091b00000| Complete 
| 114|0x0000000091c00000, 0x0000000091d00000, 0x0000000091d00000|100%| S|CS|TAMS 0x0000000091c00000, 0x0000000091c00000| Complete 
| 115|0x0000000091d00000, 0x0000000091e00000, 0x0000000091e00000|100%| S|CS|TAMS 0x0000000091d00000, 0x0000000091d00000| Complete 
| 116|0x0000000091e00000, 0x0000000091f00000, 0x0000000091f00000|100%| S|CS|TAMS 0x0000000091e00000, 0x0000000091e00000| Complete 
| 117|0x0000000091f00000, 0x0000000092000000, 0x0000000092000000|100%| E|CS|TAMS 0x0000000091f00000, 0x0000000091f00000| Complete 

Card table byte_map: [0x0000020fdaa50000,0x0000020fdae00000] _byte_map_base: 0x0000020fda5fb000

Marking Bits (Prev, Next): (CMBitMap*) 0x0000020fc36138c0, (CMBitMap*) 0x0000020fc3613900
 Prev Bits: [0x0000020fdb1b0000, 0x0000020fdcf08000)
 Next Bits: [0x0000020fdcf10000, 0x0000020fdec68000)

Polling page: 0x0000020fc14c0000

Metaspace:

Usage:
  Non-class:     14.92 MB used.
      Class:      1.96 MB used.
       Both:     16.88 MB used.

Virtual space:
  Non-class space:       64.00 MB reserved,      15.06 MB ( 24%) committed,  1 nodes.
      Class space:        1.00 GB reserved,       2.12 MB ( <1%) committed,  1 nodes.
             Both:        1.06 GB reserved,      17.19 MB (  2%) committed. 

Chunk freelists:
   Non-Class:  708.00 KB
       Class:  13.79 MB
        Both:  14.48 MB

MaxMetaspaceSize: unlimited
CompressedClassSpaceSize: 1.00 GB
Initial GC threshold: 21.00 MB
Current GC threshold: 21.00 MB
CDS: on
MetaspaceReclaimPolicy: balanced
 - commit_granule_bytes: 65536.
 - commit_granule_words: 8192.
 - virtual_space_node_default_size: 8388608.
 - enlarge_chunks_in_place: 1.
 - new_chunks_are_fully_committed: 0.
 - uncommit_free_chunks: 1.
 - use_allocation_guard: 0.
 - handle_deallocations: 1.


Internal statistics:

num_allocs_failed_limit: 0.
num_arena_births: 130.
num_arena_deaths: 0.
num_vsnodes_births: 2.
num_vsnodes_deaths: 0.
num_space_committed: 275.
num_space_uncommitted: 0.
num_chunks_returned_to_freelist: 0.
num_chunks_taken_from_freelist: 759.
num_chunk_merges: 0.
num_chunk_splits: 498.
num_chunks_enlarged: 393.
num_inconsistent_stats: 0.

CodeHeap 'non-profiled nmethods': size=120000Kb used=2428Kb max_used=2428Kb free=117572Kb
 bounds [0x0000020fd2c10000, 0x0000020fd2e80000, 0x0000020fda140000]
CodeHeap 'profiled nmethods': size=120000Kb used=9911Kb max_used=9911Kb free=110088Kb
 bounds [0x0000020fcb140000, 0x0000020fcbaf0000, 0x0000020fd2670000]
CodeHeap 'non-nmethods': size=5760Kb used=1182Kb max_used=1236Kb free=4577Kb
 bounds [0x0000020fd2670000, 0x0000020fd28e0000, 0x0000020fd2c10000]
 total_blobs=5056 nmethods=4582 adapters=386
 compilation: enabled
              stopped_count=0, restarted_count=0
 full_count=0

Compilation events (20 events):
Event: 7.760 Thread 0x0000020fe105f880 nmethod 4567 0x0000020fcbae2890 code [0x0000020fcbae2a80, 0x0000020fcbae2f38]
Event: 7.762 Thread 0x0000020fe105f880 4568       3       java.io.OutputStream::<init> (5 bytes)
Event: 7.762 Thread 0x0000020fe105f880 nmethod 4568 0x0000020fcbae3110 code [0x0000020fcbae32c0, 0x0000020fcbae3418]
Event: 7.764 Thread 0x0000020fe105f880 4569       3       java.util.WeakHashMap::isEmpty (13 bytes)
Event: 7.764 Thread 0x0000020fe105f880 nmethod 4569 0x0000020fcbae3510 code [0x0000020fcbae36c0, 0x0000020fcbae3988]
Event: 7.764 Thread 0x0000020fe105f880 4570       3       java.util.WeakHashMap::size (18 bytes)
Event: 7.765 Thread 0x0000020fe105f880 nmethod 4570 0x0000020fcbae3a90 code [0x0000020fcbae3c40, 0x0000020fcbae3de8]
Event: 8.796 Thread 0x0000020fe105f880 4571  s    3       sun.net.www.protocol.file.Handler::openConnection (7 bytes)
Event: 8.796 Thread 0x0000020fe105f880 nmethod 4571 0x0000020fcbae3e90 code [0x0000020fcbae4040, 0x0000020fcbae4248]
Event: 8.796 Thread 0x0000020fe105f880 4572  s!   3       sun.net.www.protocol.file.Handler::openConnection (271 bytes)
Event: 8.803 Thread 0x0000020fe105f880 nmethod 4572 0x0000020fcbae4310 code [0x0000020fcbae4880, 0x0000020fcbae6dd8]
Event: 8.803 Thread 0x0000020fe105f880 4573       3       sun.net.www.MessageHeader::<init> (14 bytes)
Event: 8.804 Thread 0x0000020fe105f880 nmethod 4573 0x0000020fcbae7d90 code [0x0000020fcbae7f40, 0x0000020fcbae80e8]
Event: 8.808 Thread 0x0000020fe105f880 4576       3       java.lang.StringBuilder::append (9 bytes)
Event: 8.809 Thread 0x0000020fe105f880 nmethod 4576 0x0000020fcbae8190 code [0x0000020fcbae8360, 0x0000020fcbae8698]
Event: 8.822 Thread 0x0000020fe105f880 4577       3       java.util.concurrent.ConcurrentHashMap::<init> (5 bytes)
Event: 8.822 Thread 0x0000020fe105f880 nmethod 4577 0x0000020fcbae8810 code [0x0000020fcbae89c0, 0x0000020fcbae8b78]
Event: 8.822 Thread 0x0000020fe105f880 4578   !   3       java.net.URL::getURLStreamHandler (191 bytes)
Event: 8.824 Thread 0x0000020fe105f880 nmethod 4578 0x0000020fcbae8c90 code [0x0000020fcbae8f40, 0x0000020fcbae9d78]
Event: 8.829 Thread 0x0000020fe105f880 4579       3       sun.net.www.ParseUtil::firstEncodeIndex (86 bytes)

GC Heap History (10 events):
Event: 2.341 GC heap before
{Heap before GC invocations=0 (full 0):
 garbage-first heap   total 120832K, used 23552K [0x000000008aa00000, 0x0000000100000000)
  region size 1024K, 23 young (23552K), 0 survivors (0K)
 Metaspace       used 5368K, committed 5568K, reserved 1114112K
  class space    used 642K, committed 704K, reserved 1048576K
}
Event: 2.353 GC heap after
{Heap after GC invocations=1 (full 0):
 garbage-first heap   total 120832K, used 3556K [0x000000008aa00000, 0x0000000100000000)
  region size 1024K, 3 young (3072K), 3 survivors (3072K)
 Metaspace       used 5368K, committed 5568K, reserved 1114112K
  class space    used 642K, committed 704K, reserved 1048576K
}
Event: 3.277 GC heap before
{Heap before GC invocations=1 (full 0):
 garbage-first heap   total 120832K, used 34276K [0x000000008aa00000, 0x0000000100000000)
  region size 1024K, 33 young (33792K), 3 survivors (3072K)
 Metaspace       used 8030K, committed 8192K, reserved 1114112K
  class space    used 952K, committed 1024K, reserved 1048576K
}
Event: 3.284 GC heap after
{Heap after GC invocations=2 (full 0):
 garbage-first heap   total 120832K, used 4783K [0x000000008aa00000, 0x0000000100000000)
  region size 1024K, 2 young (2048K), 2 survivors (2048K)
 Metaspace       used 8030K, committed 8192K, reserved 1114112K
  class space    used 952K, committed 1024K, reserved 1048576K
}
Event: 5.642 GC heap before
{Heap before GC invocations=2 (full 0):
 garbage-first heap   total 120832K, used 74415K [0x000000008aa00000, 0x0000000100000000)
  region size 1024K, 70 young (71680K), 2 survivors (2048K)
 Metaspace       used 15193K, committed 15424K, reserved 1114112K
  class space    used 1831K, committed 1920K, reserved 1048576K
}
Event: 5.667 GC heap after
{Heap after GC invocations=3 (full 0):
 garbage-first heap   total 120832K, used 11628K [0x000000008aa00000, 0x0000000100000000)
  region size 1024K, 8 young (8192K), 8 survivors (8192K)
 Metaspace       used 15193K, committed 15424K, reserved 1114112K
  class space    used 1831K, committed 1920K, reserved 1048576K
}
Event: 7.434 GC heap before
{Heap before GC invocations=3 (full 0):
 garbage-first heap   total 120832K, used 94572K [0x000000008aa00000, 0x0000000100000000)
  region size 1024K, 70 young (71680K), 8 survivors (8192K)
 Metaspace       used 16871K, committed 17152K, reserved 1114112K
  class space    used 1967K, committed 2112K, reserved 1048576K
}
Event: 7.451 GC heap after
{Heap after GC invocations=4 (full 0):
 garbage-first heap   total 120832K, used 34963K [0x000000008aa00000, 0x0000000100000000)
  region size 1024K, 4 young (4096K), 4 survivors (4096K)
 Metaspace       used 16871K, committed 17152K, reserved 1114112K
  class space    used 1967K, committed 2112K, reserved 1048576K
}
Event: 7.463 GC heap before
{Heap before GC invocations=4 (full 0):
 garbage-first heap   total 120832K, used 55443K [0x000000008aa00000, 0x0000000100000000)
  region size 1024K, 5 young (5120K), 4 survivors (4096K)
 Metaspace       used 16887K, committed 17152K, reserved 1114112K
  class space    used 1969K, committed 2112K, reserved 1048576K
}
Event: 7.470 GC heap after
{Heap after GC invocations=5 (full 0):
 garbage-first heap   total 120832K, used 22550K [0x000000008aa00000, 0x0000000100000000)
  region size 1024K, 4 young (4096K), 4 survivors (4096K)
 Metaspace       used 16887K, committed 17152K, reserved 1114112K
  class space    used 1969K, committed 2112K, reserved 1048576K
}

Dll operation events (8 events):
Event: 0.013 Loaded shared library C:\Program Files\Eclipse Adoptium\jdk-17.0.19.10-hotspot\bin\java.dll
Event: 0.037 Loaded shared library C:\Program Files\Eclipse Adoptium\jdk-17.0.19.10-hotspot\bin\jsvml.dll
Event: 0.100 Loaded shared library C:\Program Files\Eclipse Adoptium\jdk-17.0.19.10-hotspot\bin\net.dll
Event: 0.104 Loaded shared library C:\Program Files\Eclipse Adoptium\jdk-17.0.19.10-hotspot\bin\nio.dll
Event: 0.113 Loaded shared library C:\Program Files\Eclipse Adoptium\jdk-17.0.19.10-hotspot\bin\zip.dll
Event: 0.453 Loaded shared library C:\Program Files\apache-maven-3.9.16\lib\jansi-native\Windows\x86_64\jansi.dll
Event: 0.457 Loaded shared library C:\Program Files\Eclipse Adoptium\jdk-17.0.19.10-hotspot\bin\jimage.dll
Event: 0.482 Loaded shared library C:\Program Files\Eclipse Adoptium\jdk-17.0.19.10-hotspot\bin\verify.dll

Deoptimization events (20 events):
Event: 7.524 Thread 0x0000020fc35b8550 DEOPT PACKING pc=0x0000020fd2e574bc sp=0x000000fedf2fbf90
Event: 7.524 Thread 0x0000020fc35b8550 DEOPT UNPACKING pc=0x0000020fd26c69a3 sp=0x000000fedf2fbf20 mode 2
Event: 7.571 Thread 0x0000020fc35b8550 Uncommon trap: trap_request=0xffffff76 fr.pc=0x0000020fd2e5922c relative=0x000000000000020c
Event: 7.571 Thread 0x0000020fc35b8550 Uncommon trap: reason=predicate action=maybe_recompile pc=0x0000020fd2e5922c method=java.util.HashMap.keysToArray([Ljava/lang/Object;)[Ljava/lang/Object; @ 48 c2
Event: 7.571 Thread 0x0000020fc35b8550 DEOPT PACKING pc=0x0000020fd2e5922c sp=0x000000fedf2fc010
Event: 7.571 Thread 0x0000020fc35b8550 DEOPT UNPACKING pc=0x0000020fd26c69a3 sp=0x000000fedf2fbfb8 mode 2
Event: 7.654 Thread 0x0000020fc35b8550 Uncommon trap: trap_request=0xffffffbe fr.pc=0x0000020fd2e60c4c relative=0x000000000000022c
Event: 7.654 Thread 0x0000020fc35b8550 Uncommon trap: reason=profile_predicate action=maybe_recompile pc=0x0000020fd2e60c4c method=java.util.HashMap.keysToArray([Ljava/lang/Object;)[Ljava/lang/Object; @ 48 c2
Event: 7.654 Thread 0x0000020fc35b8550 DEOPT PACKING pc=0x0000020fd2e60c4c sp=0x000000fedf2fc0a0
Event: 7.654 Thread 0x0000020fc35b8550 DEOPT UNPACKING pc=0x0000020fd26c69a3 sp=0x000000fedf2fc048 mode 2
Event: 7.654 Thread 0x0000020fc35b8550 Uncommon trap: trap_request=0xffffffbe fr.pc=0x0000020fd2e60c4c relative=0x000000000000022c
Event: 7.654 Thread 0x0000020fc35b8550 Uncommon trap: reason=profile_predicate action=maybe_recompile pc=0x0000020fd2e60c4c method=java.util.HashMap.keysToArray([Ljava/lang/Object;)[Ljava/lang/Object; @ 48 c2
Event: 7.654 Thread 0x0000020fc35b8550 DEOPT PACKING pc=0x0000020fd2e60c4c sp=0x000000fedf2fc460
Event: 7.654 Thread 0x0000020fc35b8550 DEOPT UNPACKING pc=0x0000020fd26c69a3 sp=0x000000fedf2fc408 mode 2
Event: 7.667 Thread 0x0000020fc35b8550 DEOPT PACKING pc=0x0000020fcb35eb54 sp=0x000000fedf2fb780
Event: 7.667 Thread 0x0000020fc35b8550 DEOPT UNPACKING pc=0x0000020fd26c7143 sp=0x000000fedf2fad00 mode 0
Event: 7.733 Thread 0x0000020fc35b8550 Uncommon trap: trap_request=0xffffff45 fr.pc=0x0000020fd2c4fca4 relative=0x0000000000000064
Event: 7.733 Thread 0x0000020fc35b8550 Uncommon trap: reason=unstable_if action=reinterpret pc=0x0000020fd2c4fca4 method=sun.net.www.ParseUtil.firstEncodeIndex(Ljava/lang/String;)I @ 51 c2
Event: 7.733 Thread 0x0000020fc35b8550 DEOPT PACKING pc=0x0000020fd2c4fca4 sp=0x000000fedf2fce60
Event: 7.733 Thread 0x0000020fc35b8550 DEOPT UNPACKING pc=0x0000020fd26c69a3 sp=0x000000fedf2fcde8 mode 2

Classes loaded (20 events):
Event: 7.370 Loading class java/time/zone/TzdbZoneRulesProvider
Event: 7.370 Loading class java/time/zone/TzdbZoneRulesProvider done
Event: 7.374 Loading class java/time/zone/Ser
Event: 7.374 Loading class java/io/Externalizable
Event: 7.375 Loading class java/io/Externalizable done
Event: 7.375 Loading class java/time/zone/Ser done
Event: 7.375 Loading class java/time/zone/ZoneOffsetTransition
Event: 7.375 Loading class java/time/zone/ZoneOffsetTransition done
Event: 7.380 Loading class jdk/internal/reflect/UnsafeBooleanFieldAccessorImpl
Event: 7.381 Loading class jdk/internal/reflect/UnsafeBooleanFieldAccessorImpl done
Event: 7.397 Loading class java/lang/Character$UnicodeBlock
Event: 7.398 Loading class java/lang/Character$Subset
Event: 7.398 Loading class java/lang/Character$Subset done
Event: 7.398 Loading class java/lang/Character$UnicodeBlock done
Event: 7.424 Loading class sun/nio/cs/UTF_8$Encoder
Event: 7.424 Loading class sun/nio/cs/UTF_8$Encoder done
Event: 7.459 Loading class java/nio/BufferMismatch
Event: 7.460 Loading class java/nio/BufferMismatch done
Event: 7.460 Loading class java/nio/file/attribute/PosixFileAttributes
Event: 7.460 Loading class java/nio/file/attribute/PosixFileAttributes done

Classes unloaded (0 events):
No events

Classes redefined (0 events):
No events

Internal exceptions (20 events):
Event: 3.767 Thread 0x0000020fc35b8550 Exception <a 'java/lang/NoSuchMethodError'{0x0000000090f3cd10}: 'java.lang.Object java.lang.invoke.Invokers$Holder.invokeExact_MT(java.lang.Object, int, java.lang.Object)'> (0x0000000090f3cd10) 
thrown [s\src\hotspot\share\interpreter\linkResolver.cpp, line 759]
Event: 3.795 Thread 0x0000020fc35b8550 Exception <a 'java/lang/NoSuchMethodError'{0x0000000090ff4938}: 'int java.lang.invoke.DirectMethodHandle$Holder.invokeSpecial(java.lang.Object, java.lang.Object, java.lang.Object, java.lang.Object)'> (0x0000000090ff4938) 
thrown [s\src\hotspot\share\interpreter\linkResolver.cpp, line 759]
Event: 4.185 Thread 0x0000020fc35b8550 Exception <a 'java/lang/NoClassDefFoundError'{0x000000009050cc60}: com/google/inject/servlet/ServletModuleTargetVisitor> (0x000000009050cc60) 
thrown [s\src\hotspot\share\classfile\systemDictionary.cpp, line 245]
Event: 4.331 Thread 0x0000020fc35b8550 Exception <a 'java/lang/NoSuchMethodError'{0x0000000090365648}: 'java.lang.Object java.lang.invoke.DirectMethodHandle$Holder.invokeStaticInit(java.lang.Object, int, int, int, int)'> (0x0000000090365648) 
thrown [s\src\hotspot\share\interpreter\linkResolver.cpp, line 759]
Event: 4.459 Thread 0x0000020fc35b8550 Implicit null exception at 0x0000020fd2c6bcf2 to 0x0000020fd2c6c2bc
Event: 4.459 Thread 0x0000020fc35b8550 Implicit null exception at 0x0000020fd2c39872 to 0x0000020fd2c39e4c
Event: 4.523 Thread 0x0000020fc35b8550 Exception <a 'java/lang/NoSuchMethodError'{0x000000008fc87980}: 'void java.lang.invoke.DirectMethodHandle$Holder.invokeSpecial(java.lang.Object, java.lang.Object, java.lang.Object, java.lang.Object, java.lang.Object)'> (0x000000008fc87980) 
thrown [s\src\hotspot\share\interpreter\linkResolver.cpp, line 759]
Event: 4.527 Thread 0x0000020fc35b8550 Exception <a 'java/lang/NoSuchMethodError'{0x000000008fca0a80}: 'void java.lang.invoke.DirectMethodHandle$Holder.invokeSpecial(java.lang.Object, java.lang.Object, java.lang.Object, java.lang.Object, java.lang.Object, java.lang.Object)'> (0x000000008fca0a80) 
thrown [s\src\hotspot\share\interpreter\linkResolver.cpp, line 759]
Event: 4.552 Thread 0x0000020fc35b8550 Exception <a 'java/lang/NoSuchMethodError'{0x000000008fb9c9d8}: 'java.lang.Object java.lang.invoke.DirectMethodHandle$Holder.invokeVirtual(java.lang.Object, java.lang.Object, java.lang.Object)'> (0x000000008fb9c9d8) 
thrown [s\src\hotspot\share\interpreter\linkResolver.cpp, line 759]
Event: 5.323 Thread 0x0000020fc35b8550 Exception <a 'java/lang/NoSuchMethodError'{0x000000008e34e7b0}: 'void java.lang.invoke.DirectMethodHandle$Holder.invokeStatic(java.lang.Object, java.lang.Object, java.lang.Object, java.lang.Object)'> (0x000000008e34e7b0) 
thrown [s\src\hotspot\share\interpreter\linkResolver.cpp, line 759]
Event: 5.328 Thread 0x0000020fc35b8550 Exception <a 'java/lang/NoSuchMethodError'{0x000000008e36c758}: 'int java.lang.invoke.DirectMethodHandle$Holder.invokeSpecialIFC(java.lang.Object, java.lang.Object, java.lang.Object, java.lang.Object)'> (0x000000008e36c758) 
thrown [s\src\hotspot\share\interpreter\linkResolver.cpp, line 759]
Event: 6.846 Thread 0x0000020fc35b8550 Implicit null exception at 0x0000020fd2e0f46a to 0x0000020fd2e0f620
Event: 6.846 Thread 0x0000020fc35b8550 Implicit null exception at 0x0000020fd2dddb6a to 0x0000020fd2dddd24
Event: 6.846 Thread 0x0000020fc35b8550 Implicit null exception at 0x0000020fd2ca722f to 0x0000020fd2ca72a9
Event: 7.087 Thread 0x0000020fc35b8550 Exception <a 'java/lang/NoSuchMethodError'{0x000000008ee1b008}: 'java.lang.Object java.lang.invoke.DirectMethodHandle$Holder.newInvokeSpecial(java.lang.Object, java.lang.Object, java.lang.Object, java.lang.Object, java.lang.Object, java.lang.Object, java.lang.Object)'> (0x000000008ee1b008) 
thrown [s\src\hotspot\share\interpreter\linkResolver.cpp, line 759]
Event: 7.088 Thread 0x0000020fc35b8550 Exception <a 'java/lang/NoSuchMethodError'{0x000000008ee1f918}: 'java.lang.Object java.lang.invoke.Invokers$Holder.linkToTargetMethod(java.lang.Object, java.lang.Object, java.lang.Object, java.lang.Object, java.lang.Object, java.lang.Object, java.lang.Object)'> (0x000000008ee1f918) 
thrown [s\src\hotspot\share\interpreter\linkResolver.cpp, line 759]
Event: 7.331 Thread 0x0000020fc35b8550 Implicit null exception at 0x0000020fd2e11da3 to 0x0000020fd2e124a4
Event: 7.342 Thread 0x0000020fc35b8550 Exception <a 'java/lang/NoSuchMethodError'{0x000000008e5c05e8}: 'int java.lang.invoke.DirectMethodHandle$Holder.invokeVirtual(java.lang.Object, java.lang.Object)'> (0x000000008e5c05e8) 
thrown [s\src\hotspot\share\interpreter\linkResolver.cpp, line 759]
Event: 7.368 Thread 0x0000020fc35b8550 Implicit null exception at 0x0000020fd2cade58 to 0x0000020fd2cadeee
Event: 7.401 Thread 0x0000020fc35b8550 Exception <a 'java/lang/NoSuchMethodError'{0x000000008e201b28}: 'int java.lang.invoke.DirectMethodHandle$Holder.invokeStatic(java.lang.Object, java.lang.Object, int)'> (0x000000008e201b28) 
thrown [s\src\hotspot\share\interpreter\linkResolver.cpp, line 759]

VM Operations (20 events):
Event: 4.418 Executing VM operation: HandshakeAllThreads
Event: 4.418 Executing VM operation: HandshakeAllThreads done
Event: 4.603 Executing VM operation: ICBufferFull
Event: 4.604 Executing VM operation: ICBufferFull done
Event: 4.992 Executing VM operation: HandshakeAllThreads
Event: 4.992 Executing VM operation: HandshakeAllThreads done
Event: 5.066 Executing VM operation: ICBufferFull
Event: 5.066 Executing VM operation: ICBufferFull done
Event: 5.642 Executing VM operation: G1CollectForAllocation
Event: 5.667 Executing VM operation: G1CollectForAllocation done
Event: 6.350 Executing VM operation: ICBufferFull
Event: 6.350 Executing VM operation: ICBufferFull done
Event: 7.125 Executing VM operation: ICBufferFull
Event: 7.125 Executing VM operation: ICBufferFull done
Event: 7.433 Executing VM operation: G1CollectForAllocation
Event: 7.451 Executing VM operation: G1CollectForAllocation done
Event: 7.463 Executing VM operation: G1TryInitiateConcMark
Event: 7.470 Executing VM operation: G1TryInitiateConcMark done
Event: 8.482 Executing VM operation: Cleanup
Event: 8.482 Executing VM operation: Cleanup done

Memory protections (0 events):
No events

Nmethod flushes (0 events):
No events

Events (20 events):
Event: 0.042 Thread 0x0000020fc35b8550 Thread added: 0x0000020fe1038ec0
Event: 0.042 Thread 0x0000020fc35b8550 Thread added: 0x0000020fe1039880
Event: 0.054 Thread 0x0000020fc35b8550 Thread added: 0x0000020fe1056c80
Event: 0.054 Thread 0x0000020fc35b8550 Thread added: 0x0000020fe1057640
Event: 0.054 Thread 0x0000020fc35b8550 Thread added: 0x0000020fe1058000
Event: 0.054 Thread 0x0000020fc35b8550 Thread added: 0x0000020fe105a9d0
Event: 0.054 Thread 0x0000020fc35b8550 Thread added: 0x0000020fe105de70
Event: 0.054 Thread 0x0000020fc35b8550 Thread added: 0x0000020fe105f880
Event: 0.054 Thread 0x0000020fc35b8550 Thread added: 0x0000020fe1060a20
Event: 0.081 Thread 0x0000020fc35b8550 Thread added: 0x0000020fe1b42a50
Event: 0.088 Thread 0x0000020fc35b8550 Thread added: 0x0000020fe1b43560
Event: 0.448 Thread 0x0000020fc35b8550 Thread added: 0x0000020fe6136890
Event: 0.504 Thread 0x0000020fe6136890 Thread exited: 0x0000020fe6136890
Event: 0.778 Thread 0x0000020fe105de70 Thread added: 0x0000020fe64f8020
Event: 2.385 Thread 0x0000020fe105f880 Thread added: 0x0000020fe6ec0aa0
Event: 3.236 Thread 0x0000020fe6ec0aa0 Thread exited: 0x0000020fe6ec0aa0
Event: 3.250 Thread 0x0000020fe64f8020 Thread exited: 0x0000020fe64f8020
Event: 4.094 Thread 0x0000020fe105f880 Thread added: 0x0000020fe6618000
Event: 4.745 Thread 0x0000020fe105f880 Thread added: 0x0000020fe747dc90
Event: 7.105 Thread 0x0000020fe747dc90 Thread exited: 0x0000020fe747dc90


Dynamic libraries:
0x00007ff796050000 - 0x00007ff79605e000 	C:\Program Files\Eclipse Adoptium\jdk-17.0.19.10-hotspot\bin\java.exe
0x00007ff8dc860000 - 0x00007ff8dcac6000 	C:\WINDOWS\SYSTEM32\ntdll.dll
0x00007ff8db010000 - 0x00007ff8db0d9000 	C:\WINDOWS\System32\KERNEL32.DLL
0x00007ff8d9c30000 - 0x00007ff8da02f000 	C:\WINDOWS\System32\KERNELBASE.dll
0x00007ff8da430000 - 0x00007ff8da57c000 	C:\WINDOWS\System32\ucrtbase.dll
0x00007ff8d72b0000 - 0x00007ff8d72ce000 	C:\Program Files\Eclipse Adoptium\jdk-17.0.19.10-hotspot\bin\VCRUNTIME140.dll
0x00007ff8d7290000 - 0x00007ff8d72a8000 	C:\Program Files\Eclipse Adoptium\jdk-17.0.19.10-hotspot\bin\jli.dll
0x00007ff8dbd80000 - 0x00007ff8dbf46000 	C:\WINDOWS\System32\USER32.dll
0x00007ff8da270000 - 0x00007ff8da297000 	C:\WINDOWS\System32\win32u.dll
0x00007ff8dad80000 - 0x00007ff8dadab000 	C:\WINDOWS\System32\GDI32.dll
0x00007ff8d9b00000 - 0x00007ff8d9c29000 	C:\WINDOWS\System32\gdi32full.dll
0x00007ff8be0f0000 - 0x00007ff8be381000 	C:\WINDOWS\WinSxS\amd64_microsoft.windows.common-controls_6595b64144ccf1df_6.0.26100.8972_none_3e0da176e32f9d4b\COMCTL32.dll
0x00007ff8da100000 - 0x00007ff8da1a3000 	C:\WINDOWS\System32\msvcp_win.dll
0x00007ff8da8b0000 - 0x00007ff8da959000 	C:\WINDOWS\System32\msvcrt.dll
0x00007ff8dc020000 - 0x00007ff8dc052000 	C:\WINDOWS\System32\IMM32.DLL
0x00007ff8d72e0000 - 0x00007ff8d72ec000 	C:\Program Files\Eclipse Adoptium\jdk-17.0.19.10-hotspot\bin\vcruntime140_1.dll
0x00007ff8c8080000 - 0x00007ff8c810d000 	C:\Program Files\Eclipse Adoptium\jdk-17.0.19.10-hotspot\bin\msvcp140.dll
0x00007ff809cb0000 - 0x00007ff80a91c000 	C:\Program Files\Eclipse Adoptium\jdk-17.0.19.10-hotspot\bin\server\jvm.dll
0x00007ff8dbf50000 - 0x00007ff8dc00c000 	C:\WINDOWS\System32\ADVAPI32.dll
0x00007ff8dbc40000 - 0x00007ff8dbcea000 	C:\WINDOWS\System32\sechost.dll
0x00007ff8dac60000 - 0x00007ff8dad78000 	C:\WINDOWS\System32\RPCRT4.dll
0x00007ff8da740000 - 0x00007ff8da7c2000 	C:\WINDOWS\System32\WS2_32.dll
0x00007ff8d98d0000 - 0x00007ff8d992e000 	C:\WINDOWS\SYSTEM32\POWRPROF.dll
0x00007ff8d1c70000 - 0x00007ff8d1ca6000 	C:\WINDOWS\SYSTEM32\WINMM.dll
0x00007ff8d1cb0000 - 0x00007ff8d1cbb000 	C:\WINDOWS\SYSTEM32\VERSION.dll
0x00007ff8d98b0000 - 0x00007ff8d98c5000 	C:\WINDOWS\SYSTEM32\UMPDC.dll
0x00007ff8d8720000 - 0x00007ff8d873b000 	C:\WINDOWS\SYSTEM32\kernel.appcore.dll
0x00007ff8d7210000 - 0x00007ff8d721a000 	C:\Program Files\Eclipse Adoptium\jdk-17.0.19.10-hotspot\bin\jimage.dll
0x00007ff8d6e60000 - 0x00007ff8d70a2000 	C:\WINDOWS\SYSTEM32\DBGHELP.DLL
0x00007ff8db7a0000 - 0x00007ff8dbb25000 	C:\WINDOWS\System32\combase.dll
0x00007ff8da7d0000 - 0x00007ff8da8a9000 	C:\WINDOWS\System32\OLEAUT32.dll
0x00007ff8bcd70000 - 0x00007ff8bcdab000 	C:\WINDOWS\SYSTEM32\dbgcore.DLL
0x00007ff8da1b0000 - 0x00007ff8da25c000 	C:\WINDOWS\System32\bcryptPrimitives.dll
0x00007ff8c83c0000 - 0x00007ff8c83e5000 	C:\Program Files\Eclipse Adoptium\jdk-17.0.19.10-hotspot\bin\java.dll
0x00007ff8b3ca0000 - 0x00007ff8b3d77000 	C:\Program Files\Eclipse Adoptium\jdk-17.0.19.10-hotspot\bin\jsvml.dll
0x00007ff8dc090000 - 0x00007ff8dc818000 	C:\WINDOWS\System32\SHELL32.dll
0x00007ff8d74e0000 - 0x00007ff8d7d7b000 	C:\WINDOWS\SYSTEM32\windows.storage.dll
0x00007ff8dbb30000 - 0x00007ff8dbc29000 	C:\WINDOWS\System32\SHCORE.dll
0x00007ff8da5a0000 - 0x00007ff8da606000 	C:\WINDOWS\System32\shlwapi.dll
0x00007ff8d9990000 - 0x00007ff8d99b9000 	C:\WINDOWS\SYSTEM32\profapi.dll
0x00007ff8ce820000 - 0x00007ff8ce83a000 	C:\Program Files\Eclipse Adoptium\jdk-17.0.19.10-hotspot\bin\net.dll
0x00007ff8d1a90000 - 0x00007ff8d1bb8000 	C:\WINDOWS\SYSTEM32\WINHTTP.dll
0x00007ff8d8cb0000 - 0x00007ff8d8d1c000 	C:\WINDOWS\system32\mswsock.dll
0x00007ff8ce7e0000 - 0x00007ff8ce7f6000 	C:\Program Files\Eclipse Adoptium\jdk-17.0.19.10-hotspot\bin\nio.dll
0x00007ff8ce7b0000 - 0x00007ff8ce7c8000 	C:\Program Files\Eclipse Adoptium\jdk-17.0.19.10-hotspot\bin\zip.dll
0x00007ff8c82b0000 - 0x00007ff8c82d4000 	C:\Program Files\apache-maven-3.9.16\lib\jansi-native\Windows\x86_64\jansi.dll
0x00007ff8d71c0000 - 0x00007ff8d71d0000 	C:\Program Files\Eclipse Adoptium\jdk-17.0.19.10-hotspot\bin\verify.dll

dbghelp: loaded successfully - version: 4.0.5 - missing functions: none
symbol engine: initialized successfully - sym options: 0x614 - pdb path: .;C:\Program Files\Eclipse Adoptium\jdk-17.0.19.10-hotspot\bin;C:\WINDOWS\SYSTEM32;C:\WINDOWS\WinSxS\amd64_microsoft.windows.common-controls_6595b64144ccf1df_6.0.26100.8972_none_3e0da176e32f9d4b;C:\Program Files\Eclipse Adoptium\jdk-17.0.19.10-hotspot\bin\server;C:\Program Files\apache-maven-3.9.16\lib\jansi-native\Windows\x86_64

VM Arguments:
jvm_args: --add-opens=java.base/java.lang=ALL-UNNAMED --enable-native-access=ALL-UNNAMED -Dclassworlds.conf=C:/Program Files/apache-maven-3.9.16/bin/m2.conf -Dmaven.home=C:/Program Files/apache-maven-3.9.16 -Dlibrary.jansi.path=C:/Program Files/apache-maven-3.9.16/lib/jansi-native -Dmaven.multiModuleProjectDirectory=C:/Users/user/Documents/project/HRMS_backEnd 
java_command: org.codehaus.plexus.classworlds.launcher.Launcher -q -o compile
java_class_path (initial): C:/Program Files/apache-maven-3.9.16/boot/plexus-classworlds-2.11.0.jar
Launcher Type: SUN_STANDARD

[Global flags]
     intx CICompilerCount                          = 4                                         {product} {ergonomic}
     uint ConcGCThreads                            = 3                                         {product} {ergonomic}
     uint G1ConcRefinementThreads                  = 10                                        {product} {ergonomic}
   size_t G1HeapRegionSize                         = 1048576                                   {product} {ergonomic}
    uintx GCDrainStackTargetSize                   = 64                                        {product} {ergonomic}
   size_t InitialHeapSize                          = 123731968                                 {product} {ergonomic}
   size_t MarkStackSize                            = 4194304                                   {product} {ergonomic}
   size_t MaxHeapSize                              = 1969225728                                {product} {ergonomic}
   size_t MaxNewSize                               = 1180696576                                {product} {ergonomic}
   size_t MinHeapDeltaBytes                        = 1048576                                   {product} {ergonomic}
   size_t MinHeapSize                              = 8388608                                   {product} {ergonomic}
    uintx NonNMethodCodeHeapSize                   = 5839372                                {pd product} {ergonomic}
    uintx NonProfiledCodeHeapSize                  = 122909434                              {pd product} {ergonomic}
    uintx ProfiledCodeHeapSize                     = 122909434                              {pd product} {ergonomic}
    uintx ReservedCodeCacheSize                    = 251658240                              {pd product} {ergonomic}
     bool SegmentedCodeCache                       = true                                      {product} {ergonomic}
   size_t SoftMaxHeapSize                          = 1969225728                             {manageable} {ergonomic}
     bool UseCompressedClassPointers               = true                           {product lp64_product} {ergonomic}
     bool UseCompressedOops                        = true                           {product lp64_product} {ergonomic}
     bool UseG1GC                                  = true                                      {product} {ergonomic}
     bool UseLargePagesIndividualAllocation        = false                                  {pd product} {ergonomic}

Logging:
Log output configuration:
 #0: stdout all=warning uptime,level,tags
 #1: stderr all=off uptime,level,tags

Environment Variables:
JAVA_HOME=C:/Program Files/Eclipse Adoptium/jdk-17.0.19.10-hotspot
PATH=C:\Users\user\bin;C:\Program Files\Git\mingw64\bin;C:\Program Files\Git\usr\local\bin;C:\Program Files\Git\usr\bin;C:\Program Files\Git\usr\bin;C:\Program Files\Git\mingw64\bin;C:\Program Files\Git\usr\bin;C:\Users\user\bin;C:\Program Files\Eclipse Adoptium\jdk-17.0.19.10-hotspot\bin;C:\Python314\Scripts;C:\Python314;C:\WINDOWS\system32;C:\WINDOWS;C:\WINDOWS\System32\Wbem;C:\WINDOWS\System32\WindowsPowerShell\v1.0;C:\WINDOWS\System32\OpenSSH;C:\Program Files\nodejs;C:\ProgramData\chocolatey\bin;C:\Program Files\Docker\Docker\resources\bin;C:\Program Files\apache-maven-3.9.16\bin;C:\Program Files\Git\cmd;C:\Program Files\MySQL\MySQL Shell 8.0\bin;C:\Users\user\AppData\Local\Microsoft\WindowsApps;C:\Users\user\AppData\Roaming\npm;C:\Users\user\AppData\Local\Programs\Microsoft VS Code\bin;C:\Program Files\Git\usr\bin\vendor_perl;C:\Program Files\Git\usr\bin\core_perl
USERNAME=user
SHELL=C:\Program Files\Git\usr\bin\bash.exe
TERM=xterm-256color
OS=Windows_NT
PROCESSOR_IDENTIFIER=AMD64 Family 23 Model 96 Stepping 1, AuthenticAMD
TMP=C:\Users\user\AppData\Local\Temp
TEMP=C:\Users\user\AppData\Local\Temp



Periodic native trim disabled


---------------  S Y S T E M  ---------------

OS:
 Windows 11 , 64 bit Build 26100 (10.0.26100.9168)
OS uptime: 6 days 21:07 hours
Hyper-V role detected

CPU: total 12 (initial active 12) (12 cores per cpu, 2 threads per core) family 23 model 96 stepping 1 microcode 0x860010f, cx8, cmov, fxsr, ht, mmx, 3dnowpref, sse, sse2, sse3, ssse3, sse4a, sse4.1, sse4.2, popcnt, lzcnt, tsc, tscinvbit, avx, avx2, aes, clmul, bmi1, bmi2, adx, sha, fma, vzeroupper, clflush, clflushopt, hv
Processor Information for processor 0
  Max Mhz: 2100, Current Mhz: 2100, Mhz Limit: 2100
Processor Information for processor 1
  Max Mhz: 2100, Current Mhz: 2100, Mhz Limit: 2100
Processor Information for processor 2
  Max Mhz: 2100, Current Mhz: 2100, Mhz Limit: 2100
Processor Information for processor 3
  Max Mhz: 2100, Current Mhz: 2100, Mhz Limit: 2100
Processor Information for processor 4
  Max Mhz: 2100, Current Mhz: 2100, Mhz Limit: 2100
Processor Information for processor 5
  Max Mhz: 2100, Current Mhz: 2100, Mhz Limit: 2100
Processor Information for processor 6
  Max Mhz: 2100, Current Mhz: 2100, Mhz Limit: 2100
Processor Information for processor 7
  Max Mhz: 2100, Current Mhz: 2100, Mhz Limit: 2100
Processor Information for processor 8
  Max Mhz: 2100, Current Mhz: 1400, Mhz Limit: 2100
Processor Information for processor 9
  Max Mhz: 2100, Current Mhz: 1400, Mhz Limit: 2100
Processor Information for processor 10
  Max Mhz: 2100, Current Mhz: 1400, Mhz Limit: 2100
Processor Information for processor 11
  Max Mhz: 2100, Current Mhz: 1400, Mhz Limit: 2100

Memory: 4k page, system-wide physical 7505M (590M free)
TotalPageFile size 30033M (AvailPageFile size 5M)
current process WorkingSet (physical memory assigned to process): 219M, peak: 222M
current process commit charge ("private bytes"): 263M, peak: 267M

vm_info: OpenJDK 64-Bit Server VM (17.0.19+10) for windows-amd64 JRE (17.0.19+10), built on Apr 25 2026 08:04:44 by "admin" with MS VC++ 17.12 (VS2022)

END.
